<html>
<body>
<pre>
<h1>µVision Build Log</h1>
<h2>Tool Versions:</h2>
IDE-Version: µVision V5.21.0.0
Copyright (C) 2016 ARM Ltd and ARM Germany GmbH. All rights reserved.
License Information: Larry Kiser, Rochester Institute of Technology, LIC=----
 
Tool Versions:
Toolchain:       MDK-Lite  Version: 5.21
Toolchain Path:  C:\Keil_v5\ARM\ARMCC\Bin
C Compiler:      Armcc.exe V5.06 update 3 (build 300)
Assembler:       Armasm.exe V5.06 update 3 (build 300)
Linker/Locator:  ArmLink.exe V5.06 update 3 (build 300)
Library Manager: ArmAr.exe V5.06 update 3 (build 300)
Hex Converter:   FromElf.exe V5.06 update 3 (build 300)
CPU DLL:         SARMCM3.DLL V5.21
Dialog DLL:      DCM.DLL V1.13.8.0
Target DLL:      STLink\ST-LINKIII-KEIL_SWO.dll V2.0.18.0
Dialog DLL:      TCM.DLL V1.14.14.0
 
<h2>Project:</h2>
Z:\Project 1\timer_project.uvprojx
Project File Date:  02/09/2017

<h2>Output:</h2>
*** Using Compiler 'V5.06 update 3 (build 300)', folder: 'C:\Keil_v5\ARM\ARMCC\Bin'
Rebuild target 'Target 1'
assembling startup_stm32l476xx.s...
compiling timer.c...
Tim.h(5): warning:  #1-D: last line of file ends without a newline
  int read_pa0( void );
timer.c: 1 warning, 0 errors
compiling SysClock.c...
compiling ui.c...
Tim.h(5): warning:  #1-D: last line of file ends without a newline
  int read_pa0( void );
ui.c(32): warning:  #520-D: initialization with "{...}" expected for aggregate object
      int a[101]=0;                                   //The bucket array
ui.c(47): warning:  #223-D: function "posttester" declared implicitly
  	if(posttester()){                                               //check the POST Test on the program
ui.c(65): warning:  #167-D: argument of type "char *" is incompatible with parameter of type "uint8_t *"
  						USART_Write(
SART2,&st[k],1);                  // Display the digits being written
ui.c(116): warning:  #225-D: the format string ends before this argument
  				n = sprintf((char *)buffer, "\r\n Histogram \r\n Bucket(Time Period in uS)   -     Count", i);
ui.c(34): warning:  #177-D: variable "y" was declared but never referenced
  	int i=0,x=0,y=0,x1=0,temp1=0;                   // The temporary variables used in the program
ui.c(153): warning:  #550-D: variable "z" was set but never used
  	int x=0,i=0,n,z=0;                          //temp. variables
ui.c(189): warning:  #1-D: last line of file ends without a newline
  	
ui.c: 8 warnings, 0 errors
compiling UART.c...
linking...
Program Size: Code=3688 RO-data=904 RW-data=284 ZI-data=1788  
FromELF: creating hex file...
".\Objects\timer_project.axf" - 0 Error(s), 9 Warning(s).

<h2>Software Packages used:</h2>

Package Vendor: ARM
                http://www.keil.com/pack/ARM.CMSIS.4.5.0.pack
                ARM::CMSIS:CORE:4.3.0
                CMSIS (Cortex Microcontroller Software Interface Standard)
   * Component: CORE Version: 4.3.0

<h2>Collection of Component include folders:</h2>
  Z:\Project 1\RTE
  C:\Keil_v5\ARM\PACK\ARM\CMSIS\4.5.0\CMSIS\Include
  C:\Keil_v5\ARM\PACK\Keil\STM32L4xx_DFP\1.2.0\Device\Include

<h2>Collection of Component Files used:</h2>

   * Component: ARM::CMSIS:CORE:4.3.0
Build Time Elapsed:  00:00:01
</pre>
</body>
</html>
